
> plant-shop@0.1.0 build
> next build

  Γû▓ Next.js 14.2.35

   Creating an optimized production build ...
node.exe : Failed to 
compile.
At line:1 char:1
+ & "C:\Program 
Files\nodejs/node.exe" 
"C:\Program 
Files\nodejs/node_mo ...
+ ~~~~~~~~~~~~~~~~~~~~~~
~~~~~~~~~~~~~~~~~~~~~~~~
~~~~~~~~~~~~~~~~~~~~~~~
    + CategoryInfo      
        : NotSpecified: 
(Fai    led to 
compile.:String    ) 
[], RemoteException
    + 
FullyQualifiedErrorI    
d : NativeCommandError
 

./src/app/api/auth/login
/route.ts
Module not found: Can't 
resolve 'zod'

https://nextjs.org/docs/
messages/module-not-foun
d

./src/app/api/auth/regis
ter/route.ts
Module not found: Can't 
resolve 'zod'

https://nextjs.org/docs/
messages/module-not-foun
d

./src/lib/env.ts
Module not found: Can't 
resolve 'zod'

https://nextjs.org/docs/
messages/module-not-foun
d

Import trace for 
requested module:
./src/app/api/notify/rou
te.ts

./src/lib/supabase/serve
r.ts
Module not found: Can't 
resolve '@supabase/ssr'

https://nextjs.org/docs/
messages/module-not-foun
d

Import trace for 
requested module:
./src/app/api/cart/route
.ts


> Build failed because 
of webpack errors
